[36mvite v7.3.1 [32mbuilding client environment for production...[36m[39m
transforming...
[32mΓ£ô[39m 88 modules transformed.
node.exe : [31mΓ£ù[39m 
Build failed in 1.05s
At C:\Program 
Files\nodejs\npx.ps1:29 
char:3
+   & $NODE_EXE $NPX_CLI_JS 
$args
+   
~~~~~~~~~~~~~~~~~~~~~~~~~~~~~
    + CategoryInfo           
   : NotSpecified: ([31mΓ£  
  ù[39m Build failed in 1   
 .05s:String) [], RemoteE    
xception
    + FullyQualifiedErrorId  
   : NativeCommandError
 
[31merror during build:
[31mCould not resolve 
"../assets/images/logo.png" 
from "src/pages/CustomerSignu
p.jsx"[31m
file: [36mD:/ecomproject/fro
ntend/src/pages/CustomerSignu
p.jsx[31m
    at getRollupError (file:/
//D:/ecomproject/frontend/nod
e_modules/rollup/dist/es/shar
ed/parseAst.js:402:41)
    at error (file:///D:/ecom
project/frontend/node_modules
/rollup/dist/es/shared/parseA
st.js:398:42)
    at ModuleLoader.handleInv
alidResolvedId (file:///D:/ec
omproject/frontend/node_modul
es/rollup/dist/es/shared/node
-entry.js:21710:24)
    at file:///D:/ecomproject
/frontend/node_modules/rollup
/dist/es/shared/node-entry.js
:21670:26[39m
